INFO:     Will watch for changes in these directories: ['C:\\Users\\Pradip\\Downloads\\kiro\\devops-command-center\\backend']
INFO:     Uvicorn running on http://0.0.0.0:8000 (Press CTRL+C to quit)
INFO:     Started reloader process [25948] using WatchFiles
INFO:     Started server process [17588]
INFO:     Waiting for application startup.
INFO:     Application startup complete.
docker-intelligence: Docker unavailable, using mock data
docker-intelligence: serving mock container data
docker-intelligence: Docker unavailable, using mock data
docker-intelligence: serving mock container data
docker-intelligence: Docker unavailable, using mock data
docker-intelligence: serving mock container data
docker-intelligence: Docker unavailable, using mock data
docker-intelligence: serving mock container data
docker-intelligence: Docker unavailable, using mock data
docker-intelligence: serving mock container data
docker-intelligence: Docker unavailable, using mock data
docker-intelligence: serving mock container data
docker-intelligence: Docker unavailable, using mock data
docker-intelligence: serving mock container data
docker-intelligence: Docker unavailable, using mock data
docker-intelligence: serving mock container data
docker-intelligence: Docker unavailable, using mock data
docker-intelligence: serving mock container data
docker-intelligence: Docker unavailable, using mock data
docker-intelligence: serving mock container data
docker-intelligence: Docker unavailable, using mock data
docker-intelligence: serving mock container data
